// Vitest Snapshot v1, https://vitest.dev/guide/snapshot.html

exports[`generateApi > should generate API files in auto-run mode and match snapshot > generated-api-content 1`] = `
"export async function getWechatAssessmentByEmployee(body: WechatAssessmentQO) {
  const result = await axios.post<RIPageWechatEmployeeConversationVO>(
    "/api/wechatContentMsg/getWechatAssessmentByEmployee",
    body
  );
  return result.data.data;
}
export async function getWechatAssessmentByClient(body: WechatAssessmentQO) {
  const result = await axios.post<RIPageWechatClientConversationVO>(
    "/api/wechatContentMsg/getWechatAssessmentByClient",
    body
  );
  return result.data.data;
}"
`;

exports[`generateApi > should generate API files in auto-run mode and match snapshot > generated-model-content 1`] = `
"
export interface WechatAssessmentQO {
/**
* 当前页
*/
current?: number;

/**
* 每页的数量
*/
size?: number;

/**
* 升序字段：用','隔开
*/
ascStr?: string;

/**
* 降序字段：用','隔开
*/
descStr?: string;

/**
* 企微群id
*/
chat_id?: string;
_chat_id?: string;
/**
* 企微群名称
*/
name?: string;

/**
* crm客户id
*/
clientId?: string;
_clientId?: string;
/**
* crm客户名称
*/
clientName?: string;

/**
* 亿企赢绑定手机号
*/
loginName?: string;

/**
* 员工id
*/
userId?: string;
_userId?: string;
/**
* 员工名称
*/
userName?: number;

/**
* 开始时间
*/
startDate?: string;

/**
* 结束时间
*/
endDate?: string;

}


export interface IPageWechatEmployeeConversationVO {
/**
* size
*/
size?: number;

/**
* records
*/
records?: WechatEmployeeConversationVO[];

/**
* current
*/
current?: number;

/**
* total
*/
total?: number;

/**
* pages
*/
pages?: number;

}


export interface RIPageWechatEmployeeConversationVO {
/**
* code
*/
code?: number;

/**
* success
*/
success?: boolean;

/**
* data
*/
data?: IPageWechatEmployeeConversationVO;

/**
* msg
*/
msg?: string;

}


export interface WechatEmployeeConversationVO {
/**
* 员工姓名
*/
userName?: string;

/**
* 所属组织Id
*/
orgId?: string;
_orgId?: string;
/**
* 联系客户数
*/
contactClientNum?: number;

/**
* 活跃客户数
*/
activeClientNum?: number;

/**
* 沉默客户数
*/
inactiveClientNum?: number;

/**
* 咨询会话数
*/
clientContactNum?: number;

/**
* 回复会话数
*/
replyClientNum?: number;

/**
* 未回复会话数
*/
noReplyClientNum?: number;

/**
* 咨询回复率
*/
replyRatio?: string;

/**
* 平均会话时长
*/
avgDuration?: string;

/**
* 发送消息总数
*/
contactClientMsgNum?: number;

/**
* 主动发送消息数
*/
proactiveMsgNum?: number;

/**
* 与客户沟通确认申报税款通知次数
*/
taxConfirmNum?: number;

}


export interface IPageWechatClientConversationVO {
/**
* size
*/
size?: number;

/**
* records
*/
records?: WechatClientConversationVO[];

/**
* current
*/
current?: number;

/**
* total
*/
total?: number;

/**
* pages
*/
pages?: number;

}


export interface RIPageWechatClientConversationVO {
/**
* code
*/
code?: number;

/**
* success
*/
success?: boolean;

/**
* data
*/
data?: IPageWechatClientConversationVO;

/**
* msg
*/
msg?: string;

}


export interface WechatClientConversationVO {
/**
* 企业名称
*/
clientName?: string;

/**
* 所属组织Id
*/
orgId?: string;
_orgId?: string;
/**
* 员工发送消息数
*/
employeeMsgNum?: number;

/**
* 客户发送消息数
*/
clientMsgNum?: number;

/**
* 咨询会话数
*/
clientContactNum?: number;

/**
* 回复会话数
*/
replyClientNum?: number;

/**
* 未回复会话数
*/
noReplyClientNum?: number;

/**
* 咨询回复率
*/
replyRatio?: string;

/**
* 平均会话时长
*/
avgDuration?: string;

/**
* 关联企微群名称
*/
weChatGroupName?: string;

/**
* 是否及时建群
*/
isPromptlySetUp?: string;

/**
* 与客户沟通确认申报税款通知次数
*/
taxConfirmNum?: number;

}
"
`;
